Microchip MPLAB XC8 Compiler V2.10 ()

Linker command line:

-W-3 --edf=C:\Program Files (x86)\Microchip\xc8\v2.10\pic\dat\en_msgs.txt \
  -cs -h+dist/default/production\UART_AD.X.production.sym \
  --cmf=dist/default/production\UART_AD.X.production.cmf -z -Q18F47K42 \
  -oC:\Users\LOCAL_~1\Temp\sdsk.2 --defsym=__MPLAB_BUILD=1 \
  -Mdist/default/production/UART_AD.X.production.map -E1 -ver=XC8 \
  --acfsm=1493 -ASTACK=060h-01FFFh -pstack=STACK -ACODE=00h-01FFFFh \
  -ACONST=00h-01FFFFh -ASMALLCONST=02000h-020FFhx480 \
  -AMEDIUMCONST=02000h-0FFFFh,012000h-01FFFFh -ACOMRAM=01h-05Fh \
  -AABS1=00h-01FFFh -ABIGRAM=01h-01FFFh -ARAM=060h-0FFh,0100h-01FFhx31 \
  -ABANK0=060h-0FFh -ABANK1=0100h-01FFh -ABANK2=0200h-02FFh \
  -ABANK3=0300h-03FFh -ABANK4=0400h-04FFh -ABANK5=0500h-05FFh \
  -ABANK6=0600h-06FFh -ABANK7=0700h-07FFh -ABANK8=0800h-08FFh \
  -ABANK9=0900h-09FFh -ABANK10=0A00h-0AFFh -ABANK11=0B00h-0BFFh \
  -ABANK12=0C00h-0CFFh -ABANK13=0D00h-0DFFh -ABANK14=0E00h-0EFFh \
  -ABANK15=0F00h-0FFFh -ABANK16=01000h-010FFh -ABANK17=01100h-011FFh \
  -ABANK18=01200h-012FFh -ABANK19=01300h-013FFh -ABANK20=01400h-014FFh \
  -ABANK21=01500h-015FFh -ABANK22=01600h-016FFh -ABANK23=01700h-017FFh \
  -ABANK24=01800h-018FFh -ABANK25=01900h-019FFh -ABANK26=01A00h-01AFFh \
  -ABANK27=01B00h-01BFFh -ABANK28=01C00h-01CFFh -ABANK29=01D00h-01DFFh \
  -ABANK30=01E00h-01EFFh -ABANK31=01F00h-01FFFh \
  -ASFR=03800h-038FFhx7,03F00h-03F5Fh,03F60h-03FFFh -preset_vec=00h \
  -ppowerup=CODE,init -pramtop=02000h -psmallconst=SMALLCONST \
  -pmediumconst=MEDIUMCONST -pconst=CONST -AFARRAM=00h-00h \
  -ACONFIG=0300000h-0300009h -pconfig=CONFIG -AIDLOC=0200000h-020000Fh \
  -pidloc=IDLOC -AEEDATA=0310000h-03103FFh -peeprom_data=EEDATA \
  -prdata=COMRAM,nvrram=COMRAM,nvbit=COMRAM,rbss=COMRAM,rbit=COMRAM \
  -pfarbss=FARRAM,fardata=FARRAM,nvFARRAM=FARRAM \
  -pintsave_regs=BIGRAM,bigbss=BIGRAM,bigdata=BIGRAM -pbss=RAM \
  -pidata=CODE,irdata=CODE,ibigdata=CODE,ifardata=CODE -prparam=COMRAM \
  C:\Users\LOCAL_~1\Temp\sdsk.o \
  dist/default/production\UART_AD.X.production.o 

Object code version is 3.11

Machine type is 18F47K42

Call graph: (short form)




                Name                               Link     Load   Length Selector   Space Scale
C:\Users\LOCAL_~1\Temp\sdsk.o
                init                              1FFFC    1FFFC        4     FFFE       0
                reset_vec                             0        0        4        0       0
                idloc                            200000   200000       10   200000       0
                config                           300000   300000        A   300000       0
dist/default/production\UART_AD.X.production.o
                text5                             1FEFA    1FEFA        E     FF7D       0
                text4                             1FF46    1FF46       30     FFA3       0
                text3                             1FF26    1FF26       20     FF93       0
                text2                             1FF08    1FF08       1E     FF84       0
                text1                             1FFB2    1FFB2       4A     FFD9       0
                text0                             1FF76    1FF76       3C     FFBB       0
                cstackCOMRAM                          1        1        2        1       1
                cinit                             1FEF4    1FEF4        6     FF7A       0

TOTAL           Name                               Link     Load   Length     Space
        CLASS   STACK          

        CLASS   CODE           
                init                              1FFFC    1FFFC        4         0
                reset_vec                             0        0        4         0
                text5                             1FEFA    1FEFA        E         0
                text4                             1FF46    1FF46       30         0
                text3                             1FF26    1FF26       20         0
                text2                             1FF08    1FF08       1E         0
                text1                             1FFB2    1FFB2       4A         0
                text0                             1FF76    1FF76       3C         0
                cinit                             1FEF4    1FEF4        6         0

        CLASS   CONST          

        CLASS   SMALLCONST     

        CLASS   MEDIUMCONST    

        CLASS   COMRAM         
                cstackCOMRAM                          1        1        2         1

        CLASS   ABS1           

        CLASS   BIGRAM         

        CLASS   RAM            

        CLASS   BANK0          

        CLASS   BANK1          

        CLASS   BANK2          

        CLASS   BANK3          

        CLASS   BANK4          

        CLASS   BANK5          

        CLASS   BANK6          

        CLASS   BANK7          

        CLASS   BANK8          

        CLASS   BANK9          

        CLASS   BANK10         

        CLASS   BANK11         

        CLASS   BANK12         

        CLASS   BANK13         

        CLASS   BANK14         

        CLASS   BANK15         

        CLASS   BANK16         

        CLASS   BANK17         

        CLASS   BANK18         

        CLASS   BANK19         

        CLASS   BANK20         

        CLASS   BANK21         

        CLASS   BANK22         

        CLASS   BANK23         

        CLASS   BANK24         

        CLASS   BANK25         

        CLASS   BANK26         

        CLASS   BANK27         

        CLASS   BANK28         

        CLASS   BANK29         

        CLASS   BANK30         

        CLASS   BANK31         

        CLASS   SFR            

        CLASS   FARRAM         

        CLASS   CONFIG         
                config                           300000   300000        A         0

        CLASS   IDLOC          
                idloc                            200000   200000       10         0

        CLASS   EEDATA         



SEGMENTS        Name                           Load    Length   Top    Selector   Space  Class

                reset_vec                      000000  000004  000004         0       0  CODE    
                cstackCOMRAM                   000001  000002  000003         1       1  COMRAM  
                cinit                          01FEF4  000006  01FEFA      FF7A       0  CODE    
                text5                          01FEFA  00000E  01FF08      FF7D       0  CODE    
                text2                          01FF08  00001E  01FF26      FF84       0  CODE    
                text3                          01FF26  000020  01FF46      FF93       0  CODE    
                text4                          01FF46  000030  01FF76      FFA3       0  CODE    
                text0                          01FF76  00003C  01FFB2      FFBB       0  CODE    
                text1                          01FFB2  00004A  01FFFC      FFD9       0  CODE    
                init                           01FFFC  000004  020000      FFFE       0  CODE    
                idloc                          200000  000010  200010    200000       0  IDLOC   
                config                         300000  00000A  30000A    300000       0  CONFIG  


UNUSED ADDRESS RANGES

        Name                Unused          Largest block    Delta
        BANK0            000060-0000FF               A0
        BANK1            000100-0001FF              100
        BANK10           000A00-000AFF              100
        BANK11           000B00-000BFF              100
        BANK12           000C00-000CFF              100
        BANK13           000D00-000DFF              100
        BANK14           000E00-000EFF              100
        BANK15           000F00-000FFF              100
        BANK16           001000-0010FF              100
        BANK17           001100-0011FF              100
        BANK18           001200-0012FF              100
        BANK19           001300-0013FF              100
        BANK2            000200-0002FF              100
        BANK20           001400-0014FF              100
        BANK21           001500-0015FF              100
        BANK22           001600-0016FF              100
        BANK23           001700-0017FF              100
        BANK24           001800-0018FF              100
        BANK25           001900-0019FF              100
        BANK26           001A00-001AFF              100
        BANK27           001B00-001BFF              100
        BANK28           001C00-001CFF              100
        BANK29           001D00-001DFF              100
        BANK3            000300-0003FF              100
        BANK30           001E00-001EFF              100
        BANK31           001F00-001FFF              100
        BANK4            000400-0004FF              100
        BANK5            000500-0005FF              100
        BANK6            000600-0006FF              100
        BANK7            000700-0007FF              100
        BANK8            000800-0008FF              100
        BANK9            000900-0009FF              100
        BIGRAM           000003-001FFF             1FFD
        CODE             000004-01FEF3            1FEF0
        COMRAM           000003-00005F               5D
        CONST            000004-01FEF3            1FEF0
        EEDATA           310000-3103FF              400
        MEDIUMCONST      002000-00FFFF             E000
                         012000-01FEF3             DEF4
        RAM              000060-001FFF              100
        SFR              003800-003FFF              100
        SMALLCONST       002000-01FEF3              100
        STACK            000060-001FFF             1FA0

                                  Symbol Table

_ADCON0bits                                                    (abs)        003EF8
_ADPCH                                                         (abs)        003EF1
_ADRESH                                                        (abs)        003EF0
_ADRESL                                                        (abs)        003EEF
_ANSELAbits                                                    (abs)        003A40
_ANSELB                                                        (abs)        003A50
_ANSELC                                                        (abs)        003A60
_ANSELD                                                        (abs)        003A70
_ConfigADC                                                     text5        01FEFA
_ConfigPorts                                                   text4        01FF46
_InitTimer0                                                    text3        01FF26
_LATB                                                          (abs)        003FBB
_LATC                                                          (abs)        003FBC
_LATD                                                          (abs)        003FBD
_PIR1bits                                                      (abs)        0039A1
_PIR3bits                                                      (abs)        0039A3
_PIR6bits                                                      (abs)        0039A6
_RD6PPS                                                        (abs)        003A1E
_T0CON0bits                                                    (abs)        003FB8
_T0CON1bits                                                    (abs)        003FB9
_TMR0H                                                         (abs)        003FB7
_TMR0L                                                         (abs)        003FB6
_TRISAbits                                                     (abs)        003FC2
_TRISB                                                         (abs)        003FC3
_TRISC                                                         (abs)        003FC4
_TRISD                                                         (abs)        003FC5
_TRISDbits                                                     (abs)        003FC5
_U2BRGH                                                        (abs)        003DDE
_U2BRGL                                                        (abs)        003DDD
_U2CON0bits                                                    (abs)        003DDA
_U2CON1bits                                                    (abs)        003DDB
_U2TXB                                                         (abs)        003DD2
_WPUB                                                          (abs)        003A51
__CFG_BBEN$OFF                                                 (abs)        000000
__CFG_BBSIZE$BBSIZE_512                                        (abs)        000000
__CFG_BOREN$SBORDIS                                            (abs)        000000
__CFG_BORV$VBOR_2P45                                           (abs)        000000
__CFG_CLKOUTEN$OFF                                             (abs)        000000
__CFG_CP$OFF                                                   (abs)        000000
__CFG_CSWEN$ON                                                 (abs)        000000
__CFG_DEBUG$OFF                                                (abs)        000000
__CFG_FCMEN$ON                                                 (abs)        000000
__CFG_FEXTOSC$HS                                               (abs)        000000
__CFG_IVT1WAY$ON                                               (abs)        000000
__CFG_LPBOREN$OFF                                              (abs)        000000
__CFG_LVP$ON                                                   (abs)        000000
__CFG_MCLRE$EXTMCLR                                            (abs)        000000
__CFG_MVECEN$ON                                                (abs)        000000
__CFG_PPS1WAY$ON                                               (abs)        000000
__CFG_PR1WAY$ON                                                (abs)        000000
__CFG_PWRTS$PWRT_OFF                                           (abs)        000000
__CFG_RSTOSC$EXTOSC                                            (abs)        000000
__CFG_SAFEN$OFF                                                (abs)        000000
__CFG_STVREN$ON                                                (abs)        000000
__CFG_WDTCCS$SC                                                (abs)        000000
__CFG_WDTCPS$WDTCPS_31                                         (abs)        000000
__CFG_WDTCWS$WDTCWS_7                                          (abs)        000000
__CFG_WDTE$OFF                                                 (abs)        000000
__CFG_WRTAPP$OFF                                               (abs)        000000
__CFG_WRTB$OFF                                                 (abs)        000000
__CFG_WRTC$OFF                                                 (abs)        000000
__CFG_WRTD$OFF                                                 (abs)        000000
__CFG_WRTSAF$OFF                                               (abs)        000000
__CFG_XINST$OFF                                                (abs)        000000
__CFG_ZCD$OFF                                                  (abs)        000000
__HRAM                                                         (abs)        000000
__Habs1                                                        abs1         000000
__Hbank0                                                       bank0        000000
__Hbank1                                                       bank1        000000
__Hbank10                                                      bank10       000000
__Hbank11                                                      bank11       000000
__Hbank12                                                      bank12       000000
__Hbank13                                                      bank13       000000
__Hbank14                                                      bank14       000000
__Hbank15                                                      bank15       000000
__Hbank16                                                      bank16       000000
__Hbank17                                                      bank17       000000
__Hbank18                                                      bank18       000000
__Hbank19                                                      bank19       000000
__Hbank2                                                       bank2        000000
__Hbank20                                                      bank20       000000
__Hbank21                                                      bank21       000000
__Hbank22                                                      bank22       000000
__Hbank23                                                      bank23       000000
__Hbank24                                                      bank24       000000
__Hbank25                                                      bank25       000000
__Hbank26                                                      bank26       000000
__Hbank27                                                      bank27       000000
__Hbank28                                                      bank28       000000
__Hbank29                                                      bank29       000000
__Hbank3                                                       bank3        000000
__Hbank30                                                      bank30       000000
__Hbank31                                                      bank31       000000
__Hbank4                                                       bank4        000000
__Hbank5                                                       bank5        000000
__Hbank6                                                       bank6        000000
__Hbank7                                                       bank7        000000
__Hbank8                                                       bank8        000000
__Hbank9                                                       bank9        000000
__Hbigbss                                                      bigbss       000000
__Hbigdata                                                     bigdata      000000
__Hbigram                                                      bigram       000000
__Hbss                                                         bss          000000
__Hcinit                                                       cinit        000000
__Hclrtext                                                     clrtext      000000
__Hcomram                                                      comram       000000
__Hconfig                                                      config       30000A
__Hconst                                                       const        000000
__HcstackCOMRAM                                                cstackCOMRAM 000000
__Hdata                                                        data         000000
__Heeprom_data                                                 eeprom_data  000000
__Hfarbss                                                      farbss       000000
__Hfardata                                                     fardata      000000
__Hibigdata                                                    ibigdata     000000
__Hidata                                                       idata        000000
__Hidloc                                                       idloc        200010
__Hifardata                                                    ifardata     000000
__Hinit                                                        init         020000
__Hintsave_regs                                                intsave_regs 000000
__Hirdata                                                      irdata       000000
__Hmediumconst                                                 mediumconst  000000
__HnvFARRAM                                                    nvFARRAM     000000
__Hnvbit                                                       nvbit        000000
__Hnvrram                                                      nvrram       000000
__Hparam                                                       rparam       000000
__Hpowerup                                                     powerup      000000
__Hram                                                         ram          000000
__Hramtop                                                      ramtop       002000
__Hrbit                                                        rbit         000000
__Hrbss                                                        rbss         000000
__Hrdata                                                       rdata        000000
__Hreset_vec                                                   reset_vec    000004
__Hrparam                                                      rparam       000000
__Hsfr                                                         sfr          000000
__Hsmallconst                                                  smallconst   000000
__Hspace_0                                                     (abs)        30000A
__Hspace_1                                                     (abs)        000003
__Hspace_2                                                     (abs)        000000
__Hstack                                                       stack        000000
__Hstruct                                                      struct       000000
__Htemp                                                        temp         000000
__Htext                                                        text         000000
__Htext0                                                       text0        000000
__Htext1                                                       text1        000000
__Htext2                                                       text2        000000
__Htext3                                                       text3        000000
__Htext4                                                       text4        000000
__Htext5                                                       text5        000000
__LRAM                                                         (abs)        000001
__Labs1                                                        abs1         000000
__Lbank0                                                       bank0        000000
__Lbank1                                                       bank1        000000
__Lbank10                                                      bank10       000000
__Lbank11                                                      bank11       000000
__Lbank12                                                      bank12       000000
__Lbank13                                                      bank13       000000
__Lbank14                                                      bank14       000000
__Lbank15                                                      bank15       000000
__Lbank16                                                      bank16       000000
__Lbank17                                                      bank17       000000
__Lbank18                                                      bank18       000000
__Lbank19                                                      bank19       000000
__Lbank2                                                       bank2        000000
__Lbank20                                                      bank20       000000
__Lbank21                                                      bank21       000000
__Lbank22                                                      bank22       000000
__Lbank23                                                      bank23       000000
__Lbank24                                                      bank24       000000
__Lbank25                                                      bank25       000000
__Lbank26                                                      bank26       000000
__Lbank27                                                      bank27       000000
__Lbank28                                                      bank28       000000
__Lbank29                                                      bank29       000000
__Lbank3                                                       bank3        000000
__Lbank30                                                      bank30       000000
__Lbank31                                                      bank31       000000
__Lbank4                                                       bank4        000000
__Lbank5                                                       bank5        000000
__Lbank6                                                       bank6        000000
__Lbank7                                                       bank7        000000
__Lbank8                                                       bank8        000000
__Lbank9                                                       bank9        000000
__Lbigbss                                                      bigbss       000000
__Lbigdata                                                     bigdata      000000
__Lbigram                                                      bigram       000000
__Lbss                                                         bss          000000
__Lcinit                                                       cinit        000000
__Lclrtext                                                     clrtext      000000
__Lcomram                                                      comram       000000
__Lconfig                                                      config       300000
__Lconst                                                       const        000000
__LcstackCOMRAM                                                cstackCOMRAM 000000
__Ldata                                                        data         000000
__Leeprom_data                                                 eeprom_data  000000
__Lfarbss                                                      farbss       000000
__Lfardata                                                     fardata      000000
__Libigdata                                                    ibigdata     000000
__Lidata                                                       idata        000000
__Lidloc                                                       idloc        200000
__Lifardata                                                    ifardata     000000
__Linit                                                        init         01FFFC
__Lintsave_regs                                                intsave_regs 000000
__Lirdata                                                      irdata       000000
__Lmediumconst                                                 mediumconst  000000
__LnvFARRAM                                                    nvFARRAM     000000
__Lnvbit                                                       nvbit        000000
__Lnvrram                                                      nvrram       000000
__Lparam                                                       rparam       000000
__Lpowerup                                                     powerup      000000
__Lram                                                         ram          000000
__Lramtop                                                      ramtop       002000
__Lrbit                                                        rbit         000000
__Lrbss                                                        rbss         000000
__Lrdata                                                       rdata        000000
__Lreset_vec                                                   reset_vec    000000
__Lrparam                                                      rparam       000000
__Lsfr                                                         sfr          000000
__Lsmallconst                                                  smallconst   000000
__Lspace_0                                                     (abs)        000000
__Lspace_1                                                     (abs)        000000
__Lspace_2                                                     (abs)        000000
__Lstack                                                       stack        000000
__Lstruct                                                      struct       000000
__Ltemp                                                        temp         000000
__Ltext                                                        text         000000
__Ltext0                                                       text0        000000
__Ltext1                                                       text1        000000
__Ltext2                                                       text2        000000
__Ltext3                                                       text3        000000
__Ltext4                                                       text4        000000
__Ltext5                                                       text5        000000
__S0                                                           (abs)        30000A
__S1                                                           (abs)        000003
__S2                                                           (abs)        000000
___inthi_sp                                                    stack        000000
___intlo_sp                                                    stack        000000
___param_bank                                                  (abs)        000000
___rparam_used                                                 (abs)        000001
___sp                                                          stack        000000
__accesstop                                                    (abs)        000060
__activetblptr                                                 (abs)        000000
__end_of_ConfigADC                                             text5        01FF08
__end_of_ConfigPorts                                           text4        01FF76
__end_of_InitTimer0                                            text3        01FF46
__end_of__initialization                                       cinit        01FEF4
__end_of_configUART2                                           text2        01FF26
__end_of_convertAnythingThatIsAnalogToTheSuperiorDigitalForm   text1        01FFFC
__end_of_main                                                  text0        01FFB2
__initialization                                               cinit        01FEF4
__mediumconst                                                  mediumconst  000000
__pcinit                                                       cinit        01FEF4
__pcstackCOMRAM                                                cstackCOMRAM 000001
__ptext0                                                       text0        01FF76
__ptext1                                                       text1        01FFB2
__ptext2                                                       text2        01FF08
__ptext3                                                       text3        01FF26
__ptext4                                                       text4        01FF46
__ptext5                                                       text5        01FEFA
__ramtop                                                       ramtop       002000
__size_of_ConfigADC                                            (abs)        000000
__size_of_ConfigPorts                                          (abs)        000000
__size_of_InitTimer0                                           (abs)        000000
__size_of_configUART2                                          (abs)        000000
__size_of_convertAnythingThatIsAnalogToTheSuperiorDigitalForm  (abs)        000000
__size_of_main                                                 (abs)        000000
__smallconst                                                   smallconst   000000
_configUART2                                                   text2        01FF08
_convertAnythingThatIsAnalogToTheSuperiorDigitalForm           text1        01FFB2
_main                                                          text0        01FF76
convertAnythingThatIsAnalogToTheSuperiorDigitalForm@resultHigh cstackCOMRAM 000002
convertAnythingThatIsAnalogToTheSuperiorDigitalForm@resultLow  cstackCOMRAM 000001
end_of_initialization                                          cinit        01FEF4
intlevel0                                                      text         000000
intlevel1                                                      text         000000
intlevel2                                                      text         000000
intlevel3                                                      text         000000
stackhi                                                        (abs)        001FFF
stacklo                                                        (abs)        000060
start                                                          init         01FFFC
start_initialization                                           cinit        01FEF4


FUNCTION INFORMATION:

 *************** function _main *****************
 Defined at:
		line 131 in file "main.c"
 Parameters:    Size  Location     Type
		None
 Auto vars:     Size  Location     Type
		None
 Return value:  Size  Location     Type
                  1    wreg      void 
 Registers used:
		wreg, status,2, status,0, cstack
 Tracked objects:
		On entry : 
		On exit  : 
		Unchanged: 
 Data sizes:     COMRAM   BANK0   BANK1   BANK2   BANK3   BANK4   BANK5   BANK6   BANK7   BANK8   BANK9  BANK10  BANK11  BANK12  BANK13  BANK14  BANK15  BANK16  BANK17  BANK18  BANK19  BANK20  BANK21  BANK22  BANK23  BANK24  BANK25  BANK26  BANK27  BANK28  BANK29  BANK30  BANK31
      Params:         0       0       0       0       0       0       0       0       0       0       0       0       0       0       0       0       0       0       0       0       0       0       0       0       0       0       0       0       0       0       0       0       0
      Locals:         0       0       0       0       0       0       0       0       0       0       0       0       0       0       0       0       0       0       0       0       0       0       0       0       0       0       0       0       0       0       0       0       0
      Temps:          0       0       0       0       0       0       0       0       0       0       0       0       0       0       0       0       0       0       0       0       0       0       0       0       0       0       0       0       0       0       0       0       0
      Totals:         0       0       0       0       0       0       0       0       0       0       0       0       0       0       0       0       0       0       0       0       0       0       0       0       0       0       0       0       0       0       0       0       0
Total ram usage:        0 bytes
 Hardware stack levels required when called:    1
 This function calls:
		_ConfigADC
		_ConfigPorts
		_InitTimer0
		_configUART2
		_convertAnythingThatIsAnalogToTheSuperiorDigitalForm
 This function is called by:
		Startup code after reset
 This function uses a non-reentrant model


 *************** function _convertAnythingThatIsAnalogToTheSuperiorDigitalForm *****************
 Defined at:
		line 111 in file "main.c"
 Parameters:    Size  Location     Type
		None
 Auto vars:     Size  Location     Type
  resultHigh      1    1[COMRAM] unsigned char 
  resultLow       1    0[COMRAM] unsigned char 
 Return value:  Size  Location     Type
                  1    wreg      void 
 Registers used:
		wreg, status,2, status,0
 Tracked objects:
		On entry : 
		On exit  : 
		Unchanged: 
 Data sizes:     COMRAM   BANK0   BANK1   BANK2   BANK3   BANK4   BANK5   BANK6   BANK7   BANK8   BANK9  BANK10  BANK11  BANK12  BANK13  BANK14  BANK15  BANK16  BANK17  BANK18  BANK19  BANK20  BANK21  BANK22  BANK23  BANK24  BANK25  BANK26  BANK27  BANK28  BANK29  BANK30  BANK31
      Params:         0       0       0       0       0       0       0       0       0       0       0       0       0       0       0       0       0       0       0       0       0       0       0       0       0       0       0       0       0       0       0       0       0
      Locals:         2       0       0       0       0       0       0       0       0       0       0       0       0       0       0       0       0       0       0       0       0       0       0       0       0       0       0       0       0       0       0       0       0
      Temps:          0       0       0       0       0       0       0       0       0       0       0       0       0       0       0       0       0       0       0       0       0       0       0       0       0       0       0       0       0       0       0       0       0
      Totals:         2       0       0       0       0       0       0       0       0       0       0       0       0       0       0       0       0       0       0       0       0       0       0       0       0       0       0       0       0       0       0       0       0
Total ram usage:        2 bytes
 Hardware stack levels used:    1
 This function calls:
		Nothing
 This function is called by:
		_main
 This function uses a non-reentrant model


 *************** function _configUART2 *****************
 Defined at:
		line 84 in file "main.c"
 Parameters:    Size  Location     Type
		None
 Auto vars:     Size  Location     Type
		None
 Return value:  Size  Location     Type
                  1    wreg      void 
 Registers used:
		wreg, status,2
 Tracked objects:
		On entry : 
		On exit  : 
		Unchanged: 
 Data sizes:     COMRAM   BANK0   BANK1   BANK2   BANK3   BANK4   BANK5   BANK6   BANK7   BANK8   BANK9  BANK10  BANK11  BANK12  BANK13  BANK14  BANK15  BANK16  BANK17  BANK18  BANK19  BANK20  BANK21  BANK22  BANK23  BANK24  BANK25  BANK26  BANK27  BANK28  BANK29  BANK30  BANK31
      Params:         0       0       0       0       0       0       0       0       0       0       0       0       0       0       0       0       0       0       0       0       0       0       0       0       0       0       0       0       0       0       0       0       0
      Locals:         0       0       0       0       0       0       0       0       0       0       0       0       0       0       0       0       0       0       0       0       0       0       0       0       0       0       0       0       0       0       0       0       0
      Temps:          0       0       0       0       0       0       0       0       0       0       0       0       0       0       0       0       0       0       0       0       0       0       0       0       0       0       0       0       0       0       0       0       0
      Totals:         0       0       0       0       0       0       0       0       0       0       0       0       0       0       0       0       0       0       0       0       0       0       0       0       0       0       0       0       0       0       0       0       0
Total ram usage:        0 bytes
 Hardware stack levels used:    1
 This function calls:
		Nothing
 This function is called by:
		_main
 This function uses a non-reentrant model


 *************** function _InitTimer0 *****************
 Defined at:
		line 97 in file "main.c"
 Parameters:    Size  Location     Type
		None
 Auto vars:     Size  Location     Type
		None
 Return value:  Size  Location     Type
                  1    wreg      void 
 Registers used:
		wreg, status,2
 Tracked objects:
		On entry : 
		On exit  : 
		Unchanged: 
 Data sizes:     COMRAM   BANK0   BANK1   BANK2   BANK3   BANK4   BANK5   BANK6   BANK7   BANK8   BANK9  BANK10  BANK11  BANK12  BANK13  BANK14  BANK15  BANK16  BANK17  BANK18  BANK19  BANK20  BANK21  BANK22  BANK23  BANK24  BANK25  BANK26  BANK27  BANK28  BANK29  BANK30  BANK31
      Params:         0       0       0       0       0       0       0       0       0       0       0       0       0       0       0       0       0       0       0       0       0       0       0       0       0       0       0       0       0       0       0       0       0
      Locals:         0       0       0       0       0       0       0       0       0       0       0       0       0       0       0       0       0       0       0       0       0       0       0       0       0       0       0       0       0       0       0       0       0
      Temps:          0       0       0       0       0       0       0       0       0       0       0       0       0       0       0       0       0       0       0       0       0       0       0       0       0       0       0       0       0       0       0       0       0
      Totals:         0       0       0       0       0       0       0       0       0       0       0       0       0       0       0       0       0       0       0       0       0       0       0       0       0       0       0       0       0       0       0       0       0
Total ram usage:        0 bytes
 Hardware stack levels used:    1
 This function calls:
		Nothing
 This function is called by:
		_main
 This function uses a non-reentrant model


 *************** function _ConfigPorts *****************
 Defined at:
		line 59 in file "main.c"
 Parameters:    Size  Location     Type
		None
 Auto vars:     Size  Location     Type
		None
 Return value:  Size  Location     Type
                  1    wreg      void 
 Registers used:
		wreg, status,2
 Tracked objects:
		On entry : 
		On exit  : 
		Unchanged: 
 Data sizes:     COMRAM   BANK0   BANK1   BANK2   BANK3   BANK4   BANK5   BANK6   BANK7   BANK8   BANK9  BANK10  BANK11  BANK12  BANK13  BANK14  BANK15  BANK16  BANK17  BANK18  BANK19  BANK20  BANK21  BANK22  BANK23  BANK24  BANK25  BANK26  BANK27  BANK28  BANK29  BANK30  BANK31
      Params:         0       0       0       0       0       0       0       0       0       0       0       0       0       0       0       0       0       0       0       0       0       0       0       0       0       0       0       0       0       0       0       0       0
      Locals:         0       0       0       0       0       0       0       0       0       0       0       0       0       0       0       0       0       0       0       0       0       0       0       0       0       0       0       0       0       0       0       0       0
      Temps:          0       0       0       0       0       0       0       0       0       0       0       0       0       0       0       0       0       0       0       0       0       0       0       0       0       0       0       0       0       0       0       0       0
      Totals:         0       0       0       0       0       0       0       0       0       0       0       0       0       0       0       0       0       0       0       0       0       0       0       0       0       0       0       0       0       0       0       0       0
Total ram usage:        0 bytes
 Hardware stack levels used:    1
 This function calls:
		Nothing
 This function is called by:
		_main
 This function uses a non-reentrant model


 *************** function _ConfigADC *****************
 Defined at:
		line 78 in file "main.c"
 Parameters:    Size  Location     Type
		None
 Auto vars:     Size  Location     Type
		None
 Return value:  Size  Location     Type
                  1    wreg      void 
 Registers used:
		wreg, status,2
 Tracked objects:
		On entry : 
		On exit  : 
		Unchanged: 
 Data sizes:     COMRAM   BANK0   BANK1   BANK2   BANK3   BANK4   BANK5   BANK6   BANK7   BANK8   BANK9  BANK10  BANK11  BANK12  BANK13  BANK14  BANK15  BANK16  BANK17  BANK18  BANK19  BANK20  BANK21  BANK22  BANK23  BANK24  BANK25  BANK26  BANK27  BANK28  BANK29  BANK30  BANK31
      Params:         0       0       0       0       0       0       0       0       0       0       0       0       0       0       0       0       0       0       0       0       0       0       0       0       0       0       0       0       0       0       0       0       0
      Locals:         0       0       0       0       0       0       0       0       0       0       0       0       0       0       0       0       0       0       0       0       0       0       0       0       0       0       0       0       0       0       0       0       0
      Temps:          0       0       0       0       0       0       0       0       0       0       0       0       0       0       0       0       0       0       0       0       0       0       0       0       0       0       0       0       0       0       0       0       0
      Totals:         0       0       0       0       0       0       0       0       0       0       0       0       0       0       0       0       0       0       0       0       0       0       0       0       0       0       0       0       0       0       0       0       0
Total ram usage:        0 bytes
 Hardware stack levels used:    1
 This function calls:
		Nothing
 This function is called by:
		_main
 This function uses a non-reentrant model



MODULE INFORMATION

Module		Function		Class		Link	Load	Size
shared
		__initialization		CODE           	1FEF4	0000	1

shared estimated size: 1

main.c
		_configUART2   		CODE           	1FF08	0000	31
		_ConfigPorts   		CODE           	1FF46	0000	49
		_InitTimer0    		CODE           	1FF26	0000	33
		_main          		CODE           	1FF76	0000	61
		_convertAnythingThatIsAnalogToTheSuperiorDigitalForm		CODE           	1FFB2	0000	75
		_ConfigADC     		CODE           	1FEFA	0000	15

main.c estimated size: 264

